// Jest Snapshot v1, https://goo.gl/fbAQLP

exports[`A15KApplication renders and matches snapshot 1`] = `
.c0 {
  margin-bottom: 1rem;
}

.c1 {
  -webkit-flex: 1;
  -ms-flex: 1;
  flex: 1;
}

.c2 {
  margin-left: 1rem;
}

<div
  className="a15k-root"
>
  <nav
    className="navbar navbar-dark bg-dark c0"
  >
    <div
      className="navbar-brand c1"
    >
      Assessment Network
    </div>
    <div
      className="c2 dropdown"
      onKeyDown={[Function]}
    >
      <button
        aria-expanded={false}
        aria-haspopup={true}
        className="dropdown-toggle btn btn-secondary"
        onClick={[Function]}
        type="button"
      >
        Actions
      </button>
      <div
        aria-hidden={true}
        className="dropdown-menu dropdown-menu-right"
        role="menu"
        tabIndex="-1"
      >
        <a
          aria-current={null}
          className="dropdown-item"
          href="/search"
          onClick={[Function]}
          style={undefined}
        >
          Search
        </a>
        <a
          aria-current={null}
          className="dropdown-item"
          href="/formats"
          onClick={[Function]}
          style={undefined}
        >
          Formats
        </a>
      </div>
    </div>
    <div
      className="c2 dropdown"
      onKeyDown={[Function]}
    >
      <button
        aria-expanded={false}
        aria-haspopup={true}
        className="dropdown-toggle btn btn-secondary"
        onClick={[Function]}
        type="button"
      >
        bobby tables
      </button>
      <div
        aria-hidden={true}
        className="dropdown-menu dropdown-menu-right"
        role="menu"
        tabIndex="-1"
      >
        <button
          className="dropdown-item"
          href={undefined}
          onClick={[Function]}
          tabIndex="0"
          type="button"
        >
          Profile
        </button>
        <button
          className="dropdown-item"
          onClick={[Function]}
          tabIndex="0"
          type="button"
        >
          Logout
        </button>
      </div>
    </div>
  </nav>
  <div
    className="container"
  >
    <h3>
      Not Found
    </h3>
  </div>
  <form
    action="/accounts/logout"
    id="logout-form"
    method="post"
  >
    <input
      name="authenticity_token"
      type="hidden"
      value={undefined}
    />
    <input
      name="_method"
      type="hidden"
      value="delete"
    />
  </form>
</div>
`;
